// Jest Snapshot v1, https://goo.gl/fbAQLP

exports[`RequestForm matches a snapshot 1`] = `
<section
  className="formContainer"
>
  <form
    onSubmit={[Function]}
  >
    <section
      className="formSection"
    >
      <div
        className="urlDiv"
      >
        <fieldset>
          <legend>
            URL
          </legend>
          <input
            className="urlInput"
            id="url"
            name="requestUrl"
            onChange={[Function]}
            type="text"
            value="http://test.url"
          />
        </fieldset>
      </div>
      <div
        className="methodsDiv"
      >
        <fieldset>
          <legend>
            METHOD
          </legend>
          <input
            checked={true}
            id="get"
            name="method"
            onChange={[Function]}
            type="radio"
            value="get"
          />
          <label
            htmlFor="get"
          >
            Get
          </label>
          <input
            checked={false}
            id="put"
            name="method"
            onChange={[Function]}
            type="radio"
            value="put"
          />
          <label
            htmlFor="put"
          >
            Put
          </label>
          <input
            checked={false}
            id="post"
            name="method"
            onChange={[Function]}
            type="radio"
            value="post"
          />
          <label
            htmlFor="post"
          >
            Post
          </label>
          <input
            checked={false}
            id="delete"
            name="method"
            onChange={[Function]}
            type="radio"
            value="delete"
          />
          <label
            htmlFor="delete"
          >
            Delete
          </label>
        </fieldset>
      </div>
    </section>
    <section>
      <fieldset>
        <legend>
          REQUEST BODY
        </legend>
        <textarea
          onChange={[Function]}
          placeholder="Raw JSON"
          value=""
        />
      </fieldset>
    </section>
    <button>
      Submit
    </button>
  </form>
</section>
`;
